app/(tabs)/_layout.tsx(45,14): error TS2322: Type '{ onPress: () => void; style: { flex: number; alignItems: "center"; justifyContent: "center"; }; id?: string | undefined; pointerEvents?: "box-none" | "none" | "box-only" | "auto" | undefined; ... 107 more ...; hoverEffect?: HoverEffectProps | undefined; }' is not assignable to type 'TouchableOpacityProps'.
  Types of property 'delayLongPress' are incompatible.
    Type 'number | null | undefined' is not assignable to type 'number | undefined'.
      Type 'null' is not assignable to type 'number | undefined'.
lib/notifications.ts(9,35): error TS2322: Type 'Promise<{ shouldShowAlert: true; shouldPlaySound: true; shouldSetBadge: true; }>' is not assignable to type 'Promise<NotificationBehavior>'.
  Type '{ shouldShowAlert: true; shouldPlaySound: true; shouldSetBadge: true; }' is missing the following properties from type 'NotificationBehavior': shouldShowBanner, shouldShowList
lib/notifications.ts(79,5): error TS2322: Type '{ seconds: number; }' is not assignable to type 'NotificationTriggerInput'.
  Property 'type' is missing in type '{ seconds: number; }' but required in type 'TimeIntervalTriggerInput'.
supabase/functions/ai-assistant/index.ts(2,23): error TS2307: Cannot find module 'https://deno.land/std@0.168.0/http/server.ts' or its corresponding type declarations.
supabase/functions/ai-assistant/index.ts(3,30): error TS2307: Cannot find module 'https://esm.sh/@supabase/supabase-js@2' or its corresponding type declarations.
supabase/functions/ai-assistant/index.ts(5,24): error TS2304: Cannot find name 'Deno'.
supabase/functions/ai-assistant/index.ts(6,22): error TS2304: Cannot find name 'Deno'.
supabase/functions/ai-assistant/index.ts(7,30): error TS2304: Cannot find name 'Deno'.
supabase/functions/ai-assistant/index.ts(14,14): error TS7006: Parameter 'req' implicitly has an 'any' type.
supabase/functions/ai-assistant/index.ts(43,12): error TS7006: Parameter 'e' implicitly has an 'any' type.
supabase/functions/ai-assistant/index.ts(46,36): error TS7006: Parameter 's' implicitly has an 'any' type.
supabase/functions/ai-assistant/index.ts(46,39): error TS7006: Parameter 'e' implicitly has an 'any' type.
supabase/functions/ai-assistant/index.ts(86,31): error TS18046: 'error' is of type 'unknown'.
supabase/functions/categorize-expense/index.ts(2,23): error TS2307: Cannot find module 'https://deno.land/std@0.168.0/http/server.ts' or its corresponding type declarations.
supabase/functions/categorize-expense/index.ts(4,24): error TS2304: Cannot find name 'Deno'.
supabase/functions/categorize-expense/index.ts(17,14): error TS7006: Parameter 'req' implicitly has an 'any' type.
supabase/functions/categorize-expense/index.ts(63,50): error TS18046: 'error' is of type 'unknown'.
supabase/functions/generate-insights/index.ts(2,23): error TS2307: Cannot find module 'https://deno.land/std@0.168.0/http/server.ts' or its corresponding type declarations.
supabase/functions/generate-insights/index.ts(3,30): error TS2307: Cannot find module 'https://esm.sh/@supabase/supabase-js@2' or its corresponding type declarations.
supabase/functions/generate-insights/index.ts(5,24): error TS2304: Cannot find name 'Deno'.
supabase/functions/generate-insights/index.ts(6,28): error TS2304: Cannot find name 'Deno'.
supabase/functions/generate-insights/index.ts(7,30): error TS2304: Cannot find name 'Deno'.
supabase/functions/generate-insights/index.ts(32,38): error TS7006: Parameter 's' implicitly has an 'any' type.
supabase/functions/generate-insights/index.ts(32,41): error TS7006: Parameter 'e' implicitly has an 'any' type.
supabase/functions/generate-insights/index.ts(34,24): error TS7006: Parameter 'e' implicitly has an 'any' type.
supabase/functions/parse-voice-expense/index.ts(2,23): error TS2307: Cannot find module 'https://deno.land/std@0.168.0/http/server.ts' or its corresponding type declarations.
supabase/functions/parse-voice-expense/index.ts(3,24): error TS2307: Cannot find module 'https://deno.land/std@0.168.0/encoding/base64.ts' or its corresponding type declarations.
supabase/functions/parse-voice-expense/index.ts(5,30): error TS2304: Cannot find name 'Deno'.
supabase/functions/parse-voice-expense/index.ts(6,24): error TS2304: Cannot find name 'Deno'.
supabase/functions/parse-voice-expense/index.ts(19,14): error TS7006: Parameter 'req' implicitly has an 'any' type.
supabase/functions/parse-voice-expense/index.ts(141,31): error TS18046: 'error' is of type 'unknown'.
supabase/functions/scan-bill/index.ts(2,23): error TS2307: Cannot find module 'https://deno.land/std@0.168.0/http/server.ts' or its corresponding type declarations.
supabase/functions/scan-bill/index.ts(4,24): error TS2304: Cannot find name 'Deno'.
supabase/functions/scan-bill/index.ts(5,24): error TS2304: Cannot find name 'Deno'.
supabase/functions/scan-bill/index.ts(101,14): error TS7006: Parameter 'req' implicitly has an 'any' type.
supabase/functions/scan-bill/index.ts(127,39): error TS18046: 'error' is of type 'unknown'.
supabase/functions/scan-bill/index.ts(129,31): error TS18046: 'error' is of type 'unknown'.
supabase/functions/send-notifications/index.ts(2,23): error TS2307: Cannot find module 'https://deno.land/std@0.168.0/http/server.ts' or its corresponding type declarations.
supabase/functions/send-notifications/index.ts(3,30): error TS2307: Cannot find module 'https://esm.sh/@supabase/supabase-js@2' or its corresponding type declarations.
supabase/functions/send-notifications/index.ts(5,30): error TS2304: Cannot find name 'Deno'.
supabase/functions/send-notifications/index.ts(6,30): error TS2304: Cannot find name 'Deno'.
supabase/functions/send-notifications/index.ts(142,14): error TS7006: Parameter 'req' implicitly has an 'any' type.
supabase/functions/send-notifications/index.ts(174,48): error TS18046: 'error' is of type 'unknown'.
supabase/functions/send-notifications/index.ts(176,31): error TS18046: 'error' is of type 'unknown'.
